[J╭──────────────────────────────────────────────────────────────────────────╮
│ ❯ /m                                                                     │
│ ▸ /model          Switch model                                          │
│   /mode           Switch mode                                           │
╰──────────────────────────────────────────────────────────────────────────╯
  test | gpt-4 | – | 2 msgs | 50 out                                        [4A[6C